2026-07-12 11:56:06,114 - INFO - Calling /init, status code: 200
2026-07-12 11:56:32,858 - INFO - API Token received: cf3c4f76-86bf-4146-bb0d-3cf64b3bd290
2026-07-12 11:56:32,916 - INFO - Calling /create_user, status code: 200
2026-07-12 11:56:40,402 - INFO - Calling /login, status code: 200
2026-07-12 12:06:37,240 - INFO - Calling /init, status code: 200
2026-07-12 12:06:50,650 - INFO - Calling /login, status code: 200
2026-07-12 12:09:28,120 - INFO - Calling /init, status code: 200
2026-07-12 12:09:47,198 - INFO - Calling /login, status code: 200
2026-07-12 12:18:56,220 - INFO - Calling /init, status code: 200
2026-07-12 12:19:11,707 - INFO - Calling /login, status code: 200
2026-07-12 12:30:23,062 - INFO - Calling /init, status code: 200
2026-07-12 12:30:35,747 - INFO - Calling /login, status code: 200
2026-07-12 12:31:24,205 - INFO - Calling /init, status code: 200
2026-07-12 12:31:34,315 - INFO - Calling /login, status code: 200
2026-07-12 12:41:21,650 - INFO - Calling /init, status code: 200
2026-07-12 12:41:29,981 - INFO - Calling /login, status code: 200
2026-07-12 12:52:00,237 - INFO - Calling /init, status code: 200
2026-07-12 12:52:01,674 - INFO - Calling /init, status code: 200
2026-07-12 12:52:09,992 - INFO - Calling /login, status code: 200
2026-07-12 12:57:52,744 - INFO - Calling /init, status code: 200
2026-07-12 12:58:52,443 - INFO - Calling /login, status code: 200
2026-07-12 13:30:20,258 - INFO - Calling /init, status code: 200
2026-07-12 13:30:30,607 - INFO - Calling /login, status code: 200
2026-07-12 14:02:46,553 - ERROR - Failed to initialize API token: HTTPConnectionPool(host='127.0.0.1', port=8000): Max retries exceeded with url: /api/init (Caused by NewConnectionError("HTTPConnection(host='127.0.0.1', port=8000): Failed to establish a new connection: [WinError 10061] No connection could be made because the target machine actively refused it"))
Traceback (most recent call last):
  File "C:\Users\ahmed\Desktop\Adaptive-rag\Adaptive-Rag\venv\Lib\site-packages\urllib3\connection.py", line 204, in _new_conn
    sock = connection.create_connection(
        (self._dns_host, self.port),
    ...<2 lines>...
        socket_options=self.socket_options,
    )
  File "C:\Users\ahmed\Desktop\Adaptive-rag\Adaptive-Rag\venv\Lib\site-packages\urllib3\util\connection.py", line 85, in create_connection
    raise err
  File "C:\Users\ahmed\Desktop\Adaptive-rag\Adaptive-Rag\venv\Lib\site-packages\urllib3\util\connection.py", line 73, in create_connection
    sock.connect(sa)
    ~~~~~~~~~~~~^^^^
ConnectionRefusedError: [WinError 10061] No connection could be made because the target machine actively refused it

The above exception was the direct cause of the following exception:

Traceback (most recent call last):
  File "C:\Users\ahmed\Desktop\Adaptive-rag\Adaptive-Rag\venv\Lib\site-packages\urllib3\connectionpool.py", line 788, in urlopen
    response = self._make_request(
        conn,
    ...<10 lines>...
        **response_kw,
    )
  File "C:\Users\ahmed\Desktop\Adaptive-rag\Adaptive-Rag\venv\Lib\site-packages\urllib3\connectionpool.py", line 493, in _make_request
    conn.request(
    ~~~~~~~~~~~~^
        method,
        ^^^^^^^
    ...<6 lines>...
        enforce_content_length=enforce_content_length,
        ^^^^^^^^^^^^^^^^^^^^^^^^^^^^^^^^^^^^^^^^^^^^^^
    )
    ^
  File "C:\Users\ahmed\Desktop\Adaptive-rag\Adaptive-Rag\venv\Lib\site-packages\urllib3\connection.py", line 500, in request
    self.endheaders()
    ~~~~~~~~~~~~~~~^^
  File "C:\Users\ahmed\AppData\Local\Programs\Python\Python313\Lib\http\client.py", line 1331, in endheaders
    self._send_output(message_body, encode_chunked=encode_chunked)
    ~~~~~~~~~~~~~~~~~^^^^^^^^^^^^^^^^^^^^^^^^^^^^^^^^^^^^^^^^^^^^^
  File "C:\Users\ahmed\AppData\Local\Programs\Python\Python313\Lib\http\client.py", line 1091, in _send_output
    self.send(msg)
    ~~~~~~~~~^^^^^
  File "C:\Users\ahmed\AppData\Local\Programs\Python\Python313\Lib\http\client.py", line 1035, in send
    self.connect()
    ~~~~~~~~~~~~^^
  File "C:\Users\ahmed\Desktop\Adaptive-rag\Adaptive-Rag\venv\Lib\site-packages\urllib3\connection.py", line 331, in connect
    self.sock = self._new_conn()
                ~~~~~~~~~~~~~~^^
  File "C:\Users\ahmed\Desktop\Adaptive-rag\Adaptive-Rag\venv\Lib\site-packages\urllib3\connection.py", line 219, in _new_conn
    raise NewConnectionError(
        self, f"Failed to establish a new connection: {e}"
    ) from e
urllib3.exceptions.NewConnectionError: HTTPConnection(host='127.0.0.1', port=8000): Failed to establish a new connection: [WinError 10061] No connection could be made because the target machine actively refused it

The above exception was the direct cause of the following exception:

Traceback (most recent call last):
  File "C:\Users\ahmed\Desktop\Adaptive-rag\Adaptive-Rag\venv\Lib\site-packages\requests\adapters.py", line 696, in send
    resp = conn.urlopen(
        method=request.method,
    ...<9 lines>...
        chunked=chunked,
    )
  File "C:\Users\ahmed\Desktop\Adaptive-rag\Adaptive-Rag\venv\Lib\site-packages\urllib3\connectionpool.py", line 842, in urlopen
    retries = retries.increment(
        method, url, error=new_e, _pool=self, _stacktrace=sys.exc_info()[2]
    )
  File "C:\Users\ahmed\Desktop\Adaptive-rag\Adaptive-Rag\venv\Lib\site-packages\urllib3\util\retry.py", line 543, in increment
    raise MaxRetryError(_pool, url, reason) from reason  # type: ignore[arg-type]
    ^^^^^^^^^^^^^^^^^^^^^^^^^^^^^^^^^^^^^^^^^^^^^^^^^^^
urllib3.exceptions.MaxRetryError: HTTPConnectionPool(host='127.0.0.1', port=8000): Max retries exceeded with url: /api/init (Caused by NewConnectionError("HTTPConnection(host='127.0.0.1', port=8000): Failed to establish a new connection: [WinError 10061] No connection could be made because the target machine actively refused it"))

During handling of the above exception, another exception occurred:

Traceback (most recent call last):
  File "C:\Users\ahmed\Desktop\Adaptive-rag\Adaptive-Rag\streamlit_app\utils\api_client.py", line 103, in get_api_token
    response = requests.post(f"{RUST_BASE_URL}/init")
  File "C:\Users\ahmed\Desktop\Adaptive-rag\Adaptive-Rag\venv\Lib\site-packages\requests\api.py", line 134, in post
    return request("post", url, data=data, json=json, **kwargs)
  File "C:\Users\ahmed\Desktop\Adaptive-rag\Adaptive-Rag\venv\Lib\site-packages\requests\api.py", line 71, in request
    return session.request(method=method, url=url, **kwargs)
           ~~~~~~~~~~~~~~~^^^^^^^^^^^^^^^^^^^^^^^^^^^^^^^^^^
  File "C:\Users\ahmed\Desktop\Adaptive-rag\Adaptive-Rag\venv\Lib\site-packages\requests\sessions.py", line 651, in request
    resp = self.send(prep, **send_kwargs)
  File "C:\Users\ahmed\Desktop\Adaptive-rag\Adaptive-Rag\venv\Lib\site-packages\requests\sessions.py", line 784, in send
    r = adapter.send(request, **kwargs)
  File "C:\Users\ahmed\Desktop\Adaptive-rag\Adaptive-Rag\venv\Lib\site-packages\requests\adapters.py", line 729, in send
    raise ConnectionError(e, request=request)
requests.exceptions.ConnectionError: HTTPConnectionPool(host='127.0.0.1', port=8000): Max retries exceeded with url: /api/init (Caused by NewConnectionError("HTTPConnection(host='127.0.0.1', port=8000): Failed to establish a new connection: [WinError 10061] No connection could be made because the target machine actively refused it"))
2026-07-12 14:03:10,952 - INFO - Calling /init, status code: 200
2026-07-12 14:03:18,780 - INFO - Calling /login, status code: 200
2026-07-12 14:14:40,847 - INFO - Calling /init, status code: 200
2026-07-12 14:14:49,627 - INFO - Calling /login, status code: 200
2026-07-12 14:19:53,740 - INFO - Calling /init, status code: 200
2026-07-12 14:20:04,410 - INFO - Calling /login, status code: 200
2026-07-12 16:02:59,351 - INFO - Calling /init, status code: 200
2026-07-12 16:03:08,784 - INFO - Calling /login, status code: 401
2026-07-12 16:03:15,632 - INFO - API Token received: 0d6bf31d-15e0-477f-8b14-31195cd509fa
2026-07-12 16:03:16,097 - INFO - Calling /create_user, status code: 200
2026-07-12 16:03:19,816 - INFO - Calling /login, status code: 200
